// Jest Snapshot v1, https://goo.gl/fbAQLP

exports[`make snaphots should shallow App component 1`] = `
<div
  className="main"
>
  <div
    className="form"
  >
    <div
      className="left-part"
    >
      <FirstStepDescription
        lightTheme={true}
      />
    </div>
    <div
      className="right-part"
    >
      <div
        className="changeTheme"
      >
        <CustomizedSwitches
          switchTheme={[Function]}
        />
      </div>
      <div
        className="component"
      >
        <Memo(observerComponent)
          lightTheme={true}
          toNextStep={[Function]}
        />
      </div>
    </div>
  </div>
</div>
`;
