// Jest Snapshot v1, https://goo.gl/fbAQLP

exports[`about work SecondStepDescription component should render SecondStepDescription component 1`] = `
<div
  className="step"
>
  <p
    style={
      Object {
        "color": "#6d6d6d",
      }
    }
  >
    Please fill in additional information
  </p>
  <img
    alt="firstStep"
    src={
      Object {
        "process": [Function],
      }
    }
  />
</div>
`;
